#Exercise 1
reset
journal idless on
record "tmp.jou"
reset
brick x 10
curve 1 3 5 7 interval 5
mesh vol 1
record stop

#Exercise 2
reset
import acis "yoke_male.sat" attributes_on  separate_bodies 
# remove some extraneous curves on the small rounds
regularize vol all
# remove the small rounds
remove surface 31 36 37 26 25 19 18 15 14 13  extend 
# decompose for hex meshing
webcut volume 1  with sheet extended from surface 33  
webcut volume 1  with sheet extended from surface 10  
webcut volume 1  sweep surface 23  vector 0 1 0 through_all 
webcut volume 1  sweep surface 40  vector 0 1 0 through_all 
webcut volume 2 3  with plane xplane offset 12 noimprint nomerge 
webcut volume 6 7  with plane xplane offset -12 noimprint nomerge 
imprint all
merge all
# do some custom settings on volume 1 to get it to mesh
volume 1  redistribute nodes off 
volume 1  scheme Sweep  source surface 68 47 43 44 target surface 11 sweep_smooth Auto  sweep_transform least_squares  autosmooth_target off 
mesh vol all
smooth surf all
smooth vol 1 

#Exercise 3
reset
create Cylinder height 100 radius 1 
import acis "yoke_male.sat" attributes_on  separate_bodies 
vol 1 rotate 90 about x
vol 1 move 0 50 0
sub 1 from 2

########## Inserted Command ##############
sweep surface 53 vector 0 1 0 distance 1

########### do the rest of the commands from the orginal file ################
# remove some extraneous curves on the small rounds
regularize volume all
# remove the small rounds
remove surface ( at -11.7775 25.8554 10.8195 ordinal 1 at -9.29066 14.605 10.3943 ordinal 1 at 0 1.59615 10.8797 ordinal 1 at 9.29066 14.605 10.3943 ordinal 1 at 11.7775 25.8554 10.8195 ordinal 1 at 11.7775 25.8554 -10.8195 ordinal 1 at 9.29066 14.605 -10.3943 ordinal 1 at 0 1.59615 -10.8797 ordinal 1 at -9.29066 14.605 -10.3943 ordinal 1 at -11.7775 25.8554 -10.8195 ordinal 1 ordered ) extend
# decompose for hex meshing
webcut volume 2 with sheet extended from surface ( at -6.25189e-011 14.5726 10.16 ordinal 1 ordered )
webcut volume 2 with sheet extended from surface ( at 6.25207e-011 14.5726 -10.16 ordinal 1 ordered )
webcut volume 2 sweep surface ( at 18.4948 29.1938 -3.55271e-015 ordinal 1 ordered ) vector 0 1 0 through_all
webcut volume 2 sweep surface ( at -18.5062 29.1945 -3.55271e-015 ordinal 1 ordered ) vector 0 1 0 through_all
webcut volume ( at -6.41745e-006 23.3125 15.1048 ordinal 1 at 6.41745e-006 23.3125 -15.1048 ordinal 1 ordered ) with plane xplane offset 12 noimprint nomerge
webcut volume ( at -2.05725 23.3125 15.1048 ordinal 1 at -2.05724 23.3125 -15.1048 ordinal 1 ordered ) with plane xplane offset -12 noimprint nomerge
imprint all
merge all
# do some custom settings on volume 1 to get it to mesh
volume 2 redistribute nodes off
volume 2 scheme sweep source surface ( at 2.12179e-008 47.625 0 ordinal 1 at 5.55625 53.975 8.88178e-016 ordinal 1 at -1.60925 68.1421 -9.85381e-017 ordinal 1  ordered ) surf 53 target surface ( at -1.77636e-015 29.1452 0 ordinal 1 ordered ) sweep_smooth auto sweep_transform least_squares autosmooth_target off
mesh volume all
